[gold888rtp.pics/index.html]
[backblue.gif]
[fade.gif]
[index.html]
[gold888rtp.pics/images/icons/pp.png]
[gold888rtp.pics/css/bootstrap.min.css]
[gold888rtp.pics/css/responsive.css]
[cdn.lineicons.com/4.0/lineicons.css]
[cdnjs.cloudflare.com/ajax/libs/animate.css/4.1.1/animate.min.css]
[cdn.jsdelivr.net/npm/swiper@9/swiper-bundle.min.css]
[gold888rtp.pics/css/rtp-dark.css]
[gold888rtp.pics/images/logo.webp]
[101images.oss-ap-southeast-5.aliyuncs.com/Tambahkan judul (3).jpg]
[101images.oss-ap-southeast-5.aliyuncs.com/Tambahkan judul (2).jpg]
[gold888rtp.pics/images/icons/pg.png]
[gold888rtp.pics/images/icons/jg.png]
[gold888rtp.pics/images/icons/hb.png]
[gold888rtp.pics/images/icons/sg.png]
[gold888rtp.pics/images/icons/tg.png]
[gold888rtp.pics/images/icons/mg.png]
[gold888rtp.pics/images/icons/gmw.png]
[gold888rtp.pics/images/icons/ais.png]
[gold888rtp.pics/images/icons/apolo.png]
[gold888rtp.pics/images/icons/bgaming.png]
[gold888rtp.pics/images/icons/hacksaw.png]
[gold888rtp.pics/images/icons/advant.png]
[gold888rtp.pics/images/icons/relax.png]
[gold888rtp.pics/images/icons/playtech.png]
[gold888rtp.pics/images/icons/playngo.png]
[gold888rtp.pics/images/icons/skywind.png]
[gold888rtp.pics/images/icons/ygg.png]
[gold888rtp.pics/images/icons/playson.png]
[gold888rtp.pics/images/icons/boom.png]
[gold888rtp.pics/images/icons/booongo.png]
[gold888rtp.pics/images/icons/fastspin.png]
[gold888rtp.pics/images/icons/cq9.png]
[gold888rtp.pics/images/icons/evoplay.png]
[gold888rtp.pics/images/icons/playstar.png]
[gold888rtp.pics/images/icons/nolimit.png]
[gold888rtp.pics/images/icons/mancala.png]
[gold888rtp.pics/images/icons/eagaming.png]
[gold888rtp.pics/images/icons/redtiger.png]
[gold888rtp.pics/images/icons/netent.png]
[gold888rtp.pics/images/icons/sbo.png]
[gold888rtp.pics/images/icons/dragoon.png]
[gold888rtp.pics/images/icons/kagaming.png]
[gold888rtp.pics/images/icons/nagagames.png]
[gold888rtp.pics/images/icons/reevo.png]
[gold888rtp.pics/images/icons/fachai.png]
[gold888rtp.pics/images/icons/jili.png]
[gold888rtp.pics/images/icons/568win.png]
[gold888rtp.pics/images/icons/jdb.png]
[gold888rtp.pics/images/loading.svg]
[gold888rtp.pics/js/jquery-3.7.0.min.js]
[gold888rtp.pics/js/bootstrap.min.js]
[gold888rtp.pics/js/jquery.lazy.min.js]
[cdn.jsdelivr.net/npm/swiper@9/swiper-bundle.min.js]
[gold888rtp.pics/index.html]
[gold888rtp.pics/css/bootstrap.min.css]
[gold888rtp.pics/css/responsive.css]
[gold888rtp.pics/js/rtp.js]
[cdn.lineicons.com/4.0/fonts/lineicons.eot]
[cdn.lineicons.com/4.0/fonts/lineicons.woff2]
[cdn.lineicons.com/4.0/fonts/lineicons.woff]
[cdn.lineicons.com/4.0/fonts/lineicons.ttf]
[cdn.lineicons.com/4.0/lineicons.css]
[cdnjs.cloudflare.com/ajax/libs/animate.css/4.1.1/animate.min.css]
[cdn.jsdelivr.net/npm/swiper@9/swiper-bundle.min.css]
[cdn.lineicons.com/4.0/fonts/lineicons.svg]
[gold888rtp.pics/images/top.gif]
[gold888rtp.pics/images/hot.gif]
[gold888rtp.pics/css/rtp-dark.css]
[gold888rtp.pics/images/loading.svg]
[cdn.lineicons.com/4.0/fonts/lineicons.svg]
